Analysis & Synthesis report for 305game
Thu May 17 17:43:11 2018
Quartus II 64-Bit Version 13.0.0 Build 156 04/24/2013 SJ Web Edition


---------------------
; Table of Contents ;
---------------------
  1. Legal Notice
  2. Analysis & Synthesis Summary
  3. Analysis & Synthesis Settings
  4. Parallel Compilation
  5. Analysis & Synthesis Source Files Read
  6. Analysis & Synthesis Resource Usage Summary
  7. Analysis & Synthesis Resource Utilization by Entity
  8. Analysis & Synthesis RAM Summary
  9. State Machine - |305game|MOUSE:inst5|mouse_state
 10. State Machine - |305game|State_controller:inst7|CS
 11. User-Specified and Inferred Latches
 12. Registers Removed During Synthesis
 13. Removed Registers Triggering Further Register Optimizations
 14. General Register Statistics
 15. Inverted Register Statistics
 16. Multiplexer Restructuring Statistics (Restructuring Performed)
 17. Source assignments for char_rom:inst9|altsyncram:altsyncram_component|altsyncram_kt91:auto_generated
 18. Parameter Settings for User Entity Instance: clk_divider:inst4
 19. Parameter Settings for User Entity Instance: ball:inst
 20. Parameter Settings for User Entity Instance: char_rom:inst9|altsyncram:altsyncram_component
 21. Parameter Settings for Inferred Entity Instance: Text_Drawer:inst10|lpm_divide:Div0
 22. Parameter Settings for Inferred Entity Instance: Text_Drawer:inst10|lpm_divide:Div1
 23. Parameter Settings for Inferred Entity Instance: Text_Drawer:inst10|lpm_divide:Div2
 24. Parameter Settings for Inferred Entity Instance: Text_Drawer:inst10|lpm_mult:Mult0
 25. altsyncram Parameter Settings by Entity Instance
 26. lpm_mult Parameter Settings by Entity Instance
 27. Elapsed Time Per Partition
 28. Analysis & Synthesis Messages



----------------
; Legal Notice ;
----------------
Copyright (C) 1991-2013 Altera Corporation
Your use of Altera Corporation's design tools, logic functions 
and other software and tools, and its AMPP partner logic 
functions, and any output files from any of the foregoing 
(including device programming or simulation files), and any 
associated documentation or information are expressly subject 
to the terms and conditions of the Altera Program License 
Subscription Agreement, Altera MegaCore Function License 
Agreement, or other applicable license agreement, including, 
without limitation, that your use is for the sole purpose of 
programming logic devices manufactured by Altera and sold by 
Altera or its authorized distributors.  Please refer to the 
applicable agreement for further details.



+---------------------------------------------------------------------------------+
; Analysis & Synthesis Summary                                                    ;
+------------------------------------+--------------------------------------------+
; Analysis & Synthesis Status        ; Successful - Thu May 17 17:43:11 2018      ;
; Quartus II 64-Bit Version          ; 13.0.0 Build 156 04/24/2013 SJ Web Edition ;
; Revision Name                      ; 305game                                    ;
; Top-level Entity Name              ; 305game                                    ;
; Family                             ; Cyclone III                                ;
; Total logic elements               ; 2,199                                      ;
;     Total combinational functions  ; 2,146                                      ;
;     Dedicated logic registers      ; 192                                        ;
; Total registers                    ; 192                                        ;
; Total pins                         ; 26                                         ;
; Total virtual pins                 ; 0                                          ;
; Total memory bits                  ; 4,096                                      ;
; Embedded Multiplier 9-bit elements ; 0                                          ;
; Total PLLs                         ; 0                                          ;
+------------------------------------+--------------------------------------------+


+----------------------------------------------------------------------------------------------------------------------+
; Analysis & Synthesis Settings                                                                                        ;
+----------------------------------------------------------------------------+--------------------+--------------------+
; Option                                                                     ; Setting            ; Default Value      ;
+----------------------------------------------------------------------------+--------------------+--------------------+
; Device                                                                     ; EP3C16F484C8       ;                    ;
; Top-level entity name                                                      ; 305game            ; 305game            ;
; Family name                                                                ; Cyclone III        ; Cyclone V          ;
; Use smart compilation                                                      ; Off                ; Off                ;
; Enable parallel Assembler and TimeQuest Timing Analyzer during compilation ; On                 ; On                 ;
; Enable compact report table                                                ; Off                ; Off                ;
; Restructure Multiplexers                                                   ; Auto               ; Auto               ;
; Create Debugging Nodes for IP Cores                                        ; Off                ; Off                ;
; Preserve fewer node names                                                  ; On                 ; On                 ;
; Disable OpenCore Plus hardware evaluation                                  ; Off                ; Off                ;
; Verilog Version                                                            ; Verilog_2001       ; Verilog_2001       ;
; VHDL Version                                                               ; VHDL_1993          ; VHDL_1993          ;
; State Machine Processing                                                   ; Auto               ; Auto               ;
; Safe State Machine                                                         ; Off                ; Off                ;
; Extract Verilog State Machines                                             ; On                 ; On                 ;
; Extract VHDL State Machines                                                ; On                 ; On                 ;
; Ignore Verilog initial constructs                                          ; Off                ; Off                ;
; Iteration limit for constant Verilog loops                                 ; 5000               ; 5000               ;
; Iteration limit for non-constant Verilog loops                             ; 250                ; 250                ;
; Add Pass-Through Logic to Inferred RAMs                                    ; On                 ; On                 ;
; Infer RAMs from Raw Logic                                                  ; On                 ; On                 ;
; Parallel Synthesis                                                         ; On                 ; On                 ;
; DSP Block Balancing                                                        ; Auto               ; Auto               ;
; NOT Gate Push-Back                                                         ; On                 ; On                 ;
; Power-Up Don't Care                                                        ; On                 ; On                 ;
; Remove Redundant Logic Cells                                               ; Off                ; Off                ;
; Remove Duplicate Registers                                                 ; On                 ; On                 ;
; Ignore CARRY Buffers                                                       ; Off                ; Off                ;
; Ignore CASCADE Buffers                                                     ; Off                ; Off                ;
; Ignore GLOBAL Buffers                                                      ; Off                ; Off                ;
; Ignore ROW GLOBAL Buffers                                                  ; Off                ; Off                ;
; Ignore LCELL Buffers                                                       ; Off                ; Off                ;
; Ignore SOFT Buffers                                                        ; On                 ; On                 ;
; Limit AHDL Integers to 32 Bits                                             ; Off                ; Off                ;
; Optimization Technique                                                     ; Balanced           ; Balanced           ;
; Carry Chain Length                                                         ; 70                 ; 70                 ;
; Auto Carry Chains                                                          ; On                 ; On                 ;
; Auto Open-Drain Pins                                                       ; On                 ; On                 ;
; Perform WYSIWYG Primitive Resynthesis                                      ; Off                ; Off                ;
; Auto ROM Replacement                                                       ; On                 ; On                 ;
; Auto RAM Replacement                                                       ; On                 ; On                 ;
; Auto DSP Block Replacement                                                 ; On                 ; On                 ;
; Auto Shift Register Replacement                                            ; Auto               ; Auto               ;
; Allow Shift Register Merging across Hierarchies                            ; Auto               ; Auto               ;
; Auto Clock Enable Replacement                                              ; On                 ; On                 ;
; Strict RAM Replacement                                                     ; Off                ; Off                ;
; Allow Synchronous Control Signals                                          ; On                 ; On                 ;
; Force Use of Synchronous Clear Signals                                     ; Off                ; Off                ;
; Auto RAM Block Balancing                                                   ; On                 ; On                 ;
; Auto RAM to Logic Cell Conversion                                          ; Off                ; Off                ;
; Auto Resource Sharing                                                      ; Off                ; Off                ;
; Allow Any RAM Size For Recognition                                         ; Off                ; Off                ;
; Allow Any ROM Size For Recognition                                         ; Off                ; Off                ;
; Allow Any Shift Register Size For Recognition                              ; Off                ; Off                ;
; Use LogicLock Constraints during Resource Balancing                        ; On                 ; On                 ;
; Ignore translate_off and synthesis_off directives                          ; Off                ; Off                ;
; Timing-Driven Synthesis                                                    ; On                 ; On                 ;
; Report Parameter Settings                                                  ; On                 ; On                 ;
; Report Source Assignments                                                  ; On                 ; On                 ;
; Report Connectivity Checks                                                 ; On                 ; On                 ;
; Ignore Maximum Fan-Out Assignments                                         ; Off                ; Off                ;
; Synchronization Register Chain Length                                      ; 2                  ; 2                  ;
; PowerPlay Power Optimization                                               ; Normal compilation ; Normal compilation ;
; HDL message level                                                          ; Level2             ; Level2             ;
; Suppress Register Optimization Related Messages                            ; Off                ; Off                ;
; Number of Removed Registers Reported in Synthesis Report                   ; 5000               ; 5000               ;
; Number of Swept Nodes Reported in Synthesis Report                         ; 5000               ; 5000               ;
; Number of Inverted Registers Reported in Synthesis Report                  ; 100                ; 100                ;
; Clock MUX Protection                                                       ; On                 ; On                 ;
; Auto Gated Clock Conversion                                                ; Off                ; Off                ;
; Block Design Naming                                                        ; Auto               ; Auto               ;
; SDC constraint protection                                                  ; Off                ; Off                ;
; Synthesis Effort                                                           ; Auto               ; Auto               ;
; Shift Register Replacement - Allow Asynchronous Clear Signal               ; On                 ; On                 ;
; Pre-Mapping Resynthesis Optimization                                       ; Off                ; Off                ;
; Analysis & Synthesis Message Level                                         ; Medium             ; Medium             ;
; Disable Register Merging Across Hierarchies                                ; Auto               ; Auto               ;
; Resource Aware Inference For Block RAM                                     ; On                 ; On                 ;
; Synthesis Seed                                                             ; 1                  ; 1                  ;
+----------------------------------------------------------------------------+--------------------+--------------------+


Parallel compilation was disabled, but you have multiple processors available. Enable parallel compilation to reduce compilation time.
+-------------------------------------+
; Parallel Compilation                ;
+----------------------------+--------+
; Processors                 ; Number ;
+----------------------------+--------+
; Number detected on machine ; 4      ;
; Maximum allowed            ; 1      ;
+----------------------------+--------+


+-----------------------------------------------------------------------------------------------------------------------------------------------------------------------------+
; Analysis & Synthesis Source Files Read                                                                                                                                      ;
+----------------------------------+-----------------+----------------------------------------+---------------------------------------------------------------------+---------+
; File Name with User-Entered Path ; Used in Netlist ; File Type                              ; File Name with Absolute Path                                        ; Library ;
+----------------------------------+-----------------+----------------------------------------+---------------------------------------------------------------------+---------+
; State_controller.vhd             ; yes             ; User VHDL File                         ; C:/Users/Henry/Desktop/305Project/305Project/State_controller.vhd   ;         ;
; Compute_RGB.vhd                  ; yes             ; User VHDL File                         ; C:/Users/Henry/Desktop/305Project/305Project/Compute_RGB.vhd        ;         ;
; mouse.VHD                        ; yes             ; User VHDL File                         ; C:/Users/Henry/Desktop/305Project/305Project/mouse.VHD              ;         ;
; vga_sync.vhd                     ; yes             ; User VHDL File                         ; C:/Users/Henry/Desktop/305Project/305Project/vga_sync.vhd           ;         ;
; seven_seg.vhd                    ; yes             ; User VHDL File                         ; C:/Users/Henry/Desktop/305Project/305Project/seven_seg.vhd          ;         ;
; 305game.bdf                      ; yes             ; User Block Diagram/Schematic File      ; C:/Users/Henry/Desktop/305Project/305Project/305game.bdf            ;         ;
; clk_divider.vhd                  ; yes             ; User VHDL File                         ; C:/Users/Henry/Desktop/305Project/305Project/clk_divider.vhd        ;         ;
; char_rom.vhd                     ; yes             ; User VHDL File                         ; C:/Users/Henry/Desktop/305Project/305Project/char_rom.vhd           ;         ;
; ball.vhd                         ; yes             ; User VHDL File                         ; C:/Users/Henry/Desktop/305Project/305Project/ball.vhd               ;         ;
; platform.vhd                     ; yes             ; User VHDL File                         ; C:/Users/Henry/Desktop/305Project/305Project/platform.vhd           ;         ;
; Text_Drawer.vhd                  ; yes             ; User VHDL File                         ; C:/Users/Henry/Desktop/305Project/305Project/Text_Drawer.vhd        ;         ;
; altsyncram.tdf                   ; yes             ; Megafunction                           ; d:/altera/quartus/libraries/megafunctions/altsyncram.tdf            ;         ;
; stratix_ram_block.inc            ; yes             ; Megafunction                           ; d:/altera/quartus/libraries/megafunctions/stratix_ram_block.inc     ;         ;
; lpm_mux.inc                      ; yes             ; Megafunction                           ; d:/altera/quartus/libraries/megafunctions/lpm_mux.inc               ;         ;
; lpm_decode.inc                   ; yes             ; Megafunction                           ; d:/altera/quartus/libraries/megafunctions/lpm_decode.inc            ;         ;
; aglobal130.inc                   ; yes             ; Megafunction                           ; d:/altera/quartus/libraries/megafunctions/aglobal130.inc            ;         ;
; a_rdenreg.inc                    ; yes             ; Megafunction                           ; d:/altera/quartus/libraries/megafunctions/a_rdenreg.inc             ;         ;
; altrom.inc                       ; yes             ; Megafunction                           ; d:/altera/quartus/libraries/megafunctions/altrom.inc                ;         ;
; altram.inc                       ; yes             ; Megafunction                           ; d:/altera/quartus/libraries/megafunctions/altram.inc                ;         ;
; altdpram.inc                     ; yes             ; Megafunction                           ; d:/altera/quartus/libraries/megafunctions/altdpram.inc              ;         ;
; db/altsyncram_kt91.tdf           ; yes             ; Auto-Generated Megafunction            ; C:/Users/Henry/Desktop/305Project/305Project/db/altsyncram_kt91.tdf ;         ;
; tcgrom.mif                       ; yes             ; Auto-Found Memory Initialization File  ; C:/Users/Henry/Desktop/305Project/305Project/tcgrom.mif             ;         ;
; lpm_divide.tdf                   ; yes             ; Megafunction                           ; d:/altera/quartus/libraries/megafunctions/lpm_divide.tdf            ;         ;
; abs_divider.inc                  ; yes             ; Megafunction                           ; d:/altera/quartus/libraries/megafunctions/abs_divider.inc           ;         ;
; sign_div_unsign.inc              ; yes             ; Megafunction                           ; d:/altera/quartus/libraries/megafunctions/sign_div_unsign.inc       ;         ;
; db/lpm_divide_jvo.tdf            ; yes             ; Auto-Generated Megafunction            ; C:/Users/Henry/Desktop/305Project/305Project/db/lpm_divide_jvo.tdf  ;         ;
; db/abs_divider_nbg.tdf           ; yes             ; Auto-Generated Megafunction            ; C:/Users/Henry/Desktop/305Project/305Project/db/abs_divider_nbg.tdf ;         ;
; db/alt_u_div_36f.tdf             ; yes             ; Auto-Generated Megafunction            ; C:/Users/Henry/Desktop/305Project/305Project/db/alt_u_div_36f.tdf   ;         ;
; db/add_sub_unc.tdf               ; yes             ; Auto-Generated Megafunction            ; C:/Users/Henry/Desktop/305Project/305Project/db/add_sub_unc.tdf     ;         ;
; db/add_sub_vnc.tdf               ; yes             ; Auto-Generated Megafunction            ; C:/Users/Henry/Desktop/305Project/305Project/db/add_sub_vnc.tdf     ;         ;
; db/lpm_abs_st9.tdf               ; yes             ; Auto-Generated Megafunction            ; C:/Users/Henry/Desktop/305Project/305Project/db/lpm_abs_st9.tdf     ;         ;
; db/lpm_abs_9v9.tdf               ; yes             ; Auto-Generated Megafunction            ; C:/Users/Henry/Desktop/305Project/305Project/db/lpm_abs_9v9.tdf     ;         ;
; db/lpm_divide_gvo.tdf            ; yes             ; Auto-Generated Megafunction            ; C:/Users/Henry/Desktop/305Project/305Project/db/lpm_divide_gvo.tdf  ;         ;
; db/abs_divider_kbg.tdf           ; yes             ; Auto-Generated Megafunction            ; C:/Users/Henry/Desktop/305Project/305Project/db/abs_divider_kbg.tdf ;         ;
; db/alt_u_div_t5f.tdf             ; yes             ; Auto-Generated Megafunction            ; C:/Users/Henry/Desktop/305Project/305Project/db/alt_u_div_t5f.tdf   ;         ;
; db/lpm_abs_pt9.tdf               ; yes             ; Auto-Generated Megafunction            ; C:/Users/Henry/Desktop/305Project/305Project/db/lpm_abs_pt9.tdf     ;         ;
; lpm_mult.tdf                     ; yes             ; Megafunction                           ; d:/altera/quartus/libraries/megafunctions/lpm_mult.tdf              ;         ;
; lpm_add_sub.inc                  ; yes             ; Megafunction                           ; d:/altera/quartus/libraries/megafunctions/lpm_add_sub.inc           ;         ;
; multcore.inc                     ; yes             ; Megafunction                           ; d:/altera/quartus/libraries/megafunctions/multcore.inc              ;         ;
; bypassff.inc                     ; yes             ; Megafunction                           ; d:/altera/quartus/libraries/megafunctions/bypassff.inc              ;         ;
; altshift.inc                     ; yes             ; Megafunction                           ; d:/altera/quartus/libraries/megafunctions/altshift.inc              ;         ;
; multcore.tdf                     ; yes             ; Megafunction                           ; d:/altera/quartus/libraries/megafunctions/multcore.tdf              ;         ;
; csa_add.inc                      ; yes             ; Megafunction                           ; d:/altera/quartus/libraries/megafunctions/csa_add.inc               ;         ;
; mpar_add.inc                     ; yes             ; Megafunction                           ; d:/altera/quartus/libraries/megafunctions/mpar_add.inc              ;         ;
; muleabz.inc                      ; yes             ; Megafunction                           ; d:/altera/quartus/libraries/megafunctions/muleabz.inc               ;         ;
; mul_lfrg.inc                     ; yes             ; Megafunction                           ; d:/altera/quartus/libraries/megafunctions/mul_lfrg.inc              ;         ;
; mul_boothc.inc                   ; yes             ; Megafunction                           ; d:/altera/quartus/libraries/megafunctions/mul_boothc.inc            ;         ;
; alt_ded_mult.inc                 ; yes             ; Megafunction                           ; d:/altera/quartus/libraries/megafunctions/alt_ded_mult.inc          ;         ;
; alt_ded_mult_y.inc               ; yes             ; Megafunction                           ; d:/altera/quartus/libraries/megafunctions/alt_ded_mult_y.inc        ;         ;
; dffpipe.inc                      ; yes             ; Megafunction                           ; d:/altera/quartus/libraries/megafunctions/dffpipe.inc               ;         ;
; mpar_add.tdf                     ; yes             ; Megafunction                           ; d:/altera/quartus/libraries/megafunctions/mpar_add.tdf              ;         ;
; altshift.tdf                     ; yes             ; Megafunction                           ; d:/altera/quartus/libraries/megafunctions/altshift.tdf              ;         ;
+----------------------------------+-----------------+----------------------------------------+---------------------------------------------------------------------+---------+


+-------------------------------------------------------------------------+
; Analysis & Synthesis Resource Usage Summary                             ;
+---------------------------------------------+---------------------------+
; Resource                                    ; Usage                     ;
+---------------------------------------------+---------------------------+
; Estimated Total logic elements              ; 2,199                     ;
;                                             ;                           ;
; Total combinational functions               ; 2146                      ;
; Logic element usage by number of LUT inputs ;                           ;
;     -- 4 input functions                    ; 662                       ;
;     -- 3 input functions                    ; 649                       ;
;     -- <=2 input functions                  ; 835                       ;
;                                             ;                           ;
; Logic elements by mode                      ;                           ;
;     -- normal mode                          ; 1458                      ;
;     -- arithmetic mode                      ; 688                       ;
;                                             ;                           ;
; Total registers                             ; 192                       ;
;     -- Dedicated logic registers            ; 192                       ;
;     -- I/O registers                        ; 0                         ;
;                                             ;                           ;
; I/O pins                                    ; 26                        ;
; Total memory bits                           ; 4096                      ;
; Embedded Multiplier 9-bit elements          ; 0                         ;
; Maximum fan-out node                        ; ball:inst|score_count[31] ;
; Maximum fan-out                             ; 115                       ;
; Total fan-out                               ; 6832                      ;
; Average fan-out                             ; 2.84                      ;
+---------------------------------------------+---------------------------+


+-------------------------------------------------------------------------------------------------------------------------------------------------------------------------------------------------------------------------------------------------------------------------------------------------+
; Analysis & Synthesis Resource Utilization by Entity                                                                                                                                                                                                                                             ;
+-------------------------------------------+-------------------+--------------+-------------+--------------+---------+-----------+------+--------------+--------------------------------------------------------------------------------------------------------------------------+--------------+
; Compilation Hierarchy Node                ; LC Combinationals ; LC Registers ; Memory Bits ; DSP Elements ; DSP 9x9 ; DSP 18x18 ; Pins ; Virtual Pins ; Full Hierarchy Name                                                                                                      ; Library Name ;
+-------------------------------------------+-------------------+--------------+-------------+--------------+---------+-----------+------+--------------+--------------------------------------------------------------------------------------------------------------------------+--------------+
; |305game                                  ; 2146 (1)          ; 192 (0)      ; 4096        ; 0            ; 0       ; 0         ; 26   ; 0            ; |305game                                                                                                                 ;              ;
;    |MOUSE:inst5|                          ; 81 (81)           ; 88 (88)      ; 0           ; 0            ; 0       ; 0         ; 0    ; 0            ; |305game|MOUSE:inst5                                                                                                     ;              ;
;    |State_controller:inst7|               ; 7 (7)             ; 3 (3)        ; 0           ; 0            ; 0       ; 0         ; 0    ; 0            ; |305game|State_controller:inst7                                                                                          ;              ;
;    |Text_Drawer:inst10|                   ; 1776 (174)        ; 0 (0)        ; 0           ; 0            ; 0       ; 0         ; 0    ; 0            ; |305game|Text_Drawer:inst10                                                                                              ;              ;
;       |lpm_divide:Div0|                   ; 641 (0)           ; 0 (0)        ; 0           ; 0            ; 0       ; 0         ; 0    ; 0            ; |305game|Text_Drawer:inst10|lpm_divide:Div0                                                                              ;              ;
;          |lpm_divide_jvo:auto_generated|  ; 641 (0)           ; 0 (0)        ; 0           ; 0            ; 0       ; 0         ; 0    ; 0            ; |305game|Text_Drawer:inst10|lpm_divide:Div0|lpm_divide_jvo:auto_generated                                                ;              ;
;             |abs_divider_nbg:divider|     ; 641 (8)           ; 0 (0)        ; 0           ; 0            ; 0       ; 0         ; 0    ; 0            ; |305game|Text_Drawer:inst10|lpm_divide:Div0|lpm_divide_jvo:auto_generated|abs_divider_nbg:divider                        ;              ;
;                |alt_u_div_36f:divider|    ; 586 (586)         ; 0 (0)        ; 0           ; 0            ; 0       ; 0         ; 0    ; 0            ; |305game|Text_Drawer:inst10|lpm_divide:Div0|lpm_divide_jvo:auto_generated|abs_divider_nbg:divider|alt_u_div_36f:divider  ;              ;
;                |lpm_abs_9v9:my_abs_num|   ; 47 (47)           ; 0 (0)        ; 0           ; 0            ; 0       ; 0         ; 0    ; 0            ; |305game|Text_Drawer:inst10|lpm_divide:Div0|lpm_divide_jvo:auto_generated|abs_divider_nbg:divider|lpm_abs_9v9:my_abs_num ;              ;
;       |lpm_divide:Div1|                   ; 498 (0)           ; 0 (0)        ; 0           ; 0            ; 0       ; 0         ; 0    ; 0            ; |305game|Text_Drawer:inst10|lpm_divide:Div1                                                                              ;              ;
;          |lpm_divide_gvo:auto_generated|  ; 498 (0)           ; 0 (0)        ; 0           ; 0            ; 0       ; 0         ; 0    ; 0            ; |305game|Text_Drawer:inst10|lpm_divide:Div1|lpm_divide_gvo:auto_generated                                                ;              ;
;             |abs_divider_kbg:divider|     ; 498 (6)           ; 0 (0)        ; 0           ; 0            ; 0       ; 0         ; 0    ; 0            ; |305game|Text_Drawer:inst10|lpm_divide:Div1|lpm_divide_gvo:auto_generated|abs_divider_kbg:divider                        ;              ;
;                |alt_u_div_t5f:divider|    ; 449 (449)         ; 0 (0)        ; 0           ; 0            ; 0       ; 0         ; 0    ; 0            ; |305game|Text_Drawer:inst10|lpm_divide:Div1|lpm_divide_gvo:auto_generated|abs_divider_kbg:divider|alt_u_div_t5f:divider  ;              ;
;                |lpm_abs_9v9:my_abs_num|   ; 43 (43)           ; 0 (0)        ; 0           ; 0            ; 0       ; 0         ; 0    ; 0            ; |305game|Text_Drawer:inst10|lpm_divide:Div1|lpm_divide_gvo:auto_generated|abs_divider_kbg:divider|lpm_abs_9v9:my_abs_num ;              ;
;       |lpm_divide:Div2|                   ; 457 (0)           ; 0 (0)        ; 0           ; 0            ; 0       ; 0         ; 0    ; 0            ; |305game|Text_Drawer:inst10|lpm_divide:Div2                                                                              ;              ;
;          |lpm_divide_gvo:auto_generated|  ; 457 (0)           ; 0 (0)        ; 0           ; 0            ; 0       ; 0         ; 0    ; 0            ; |305game|Text_Drawer:inst10|lpm_divide:Div2|lpm_divide_gvo:auto_generated                                                ;              ;
;             |abs_divider_kbg:divider|     ; 457 (6)           ; 0 (0)        ; 0           ; 0            ; 0       ; 0         ; 0    ; 0            ; |305game|Text_Drawer:inst10|lpm_divide:Div2|lpm_divide_gvo:auto_generated|abs_divider_kbg:divider                        ;              ;
;                |alt_u_div_t5f:divider|    ; 449 (449)         ; 0 (0)        ; 0           ; 0            ; 0       ; 0         ; 0    ; 0            ; |305game|Text_Drawer:inst10|lpm_divide:Div2|lpm_divide_gvo:auto_generated|abs_divider_kbg:divider|alt_u_div_t5f:divider  ;              ;
;                |lpm_abs_9v9:my_abs_num|   ; 2 (2)             ; 0 (0)        ; 0           ; 0            ; 0       ; 0         ; 0    ; 0            ; |305game|Text_Drawer:inst10|lpm_divide:Div2|lpm_divide_gvo:auto_generated|abs_divider_kbg:divider|lpm_abs_9v9:my_abs_num ;              ;
;       |lpm_mult:Mult0|                    ; 6 (0)             ; 0 (0)        ; 0           ; 0            ; 0       ; 0         ; 0    ; 0            ; |305game|Text_Drawer:inst10|lpm_mult:Mult0                                                                               ;              ;
;          |multcore:mult_core|             ; 6 (6)             ; 0 (0)        ; 0           ; 0            ; 0       ; 0         ; 0    ; 0            ; |305game|Text_Drawer:inst10|lpm_mult:Mult0|multcore:mult_core                                                            ;              ;
;    |VGA_SYNC:inst1|                       ; 62 (62)           ; 48 (48)      ; 0           ; 0            ; 0       ; 0         ; 0    ; 0            ; |305game|VGA_SYNC:inst1                                                                                                  ;              ;
;    |ball:inst|                            ; 156 (156)         ; 52 (52)      ; 0           ; 0            ; 0       ; 0         ; 0    ; 0            ; |305game|ball:inst                                                                                                       ;              ;
;    |char_rom:inst9|                       ; 4 (4)             ; 0 (0)        ; 4096        ; 0            ; 0       ; 0         ; 0    ; 0            ; |305game|char_rom:inst9                                                                                                  ;              ;
;       |altsyncram:altsyncram_component|   ; 0 (0)             ; 0 (0)        ; 4096        ; 0            ; 0       ; 0         ; 0    ; 0            ; |305game|char_rom:inst9|altsyncram:altsyncram_component                                                                  ;              ;
;          |altsyncram_kt91:auto_generated| ; 0 (0)             ; 0 (0)        ; 4096        ; 0            ; 0       ; 0         ; 0    ; 0            ; |305game|char_rom:inst9|altsyncram:altsyncram_component|altsyncram_kt91:auto_generated                                   ;              ;
;    |clk_divider:inst4|                    ; 1 (1)             ; 1 (1)        ; 0           ; 0            ; 0       ; 0         ; 0    ; 0            ; |305game|clk_divider:inst4                                                                                               ;              ;
;    |platform:inst8|                       ; 44 (44)           ; 0 (0)        ; 0           ; 0            ; 0       ; 0         ; 0    ; 0            ; |305game|platform:inst8                                                                                                  ;              ;
;    |seven_seg:inst2|                      ; 7 (7)             ; 0 (0)        ; 0           ; 0            ; 0       ; 0         ; 0    ; 0            ; |305game|seven_seg:inst2                                                                                                 ;              ;
;    |seven_seg:inst3|                      ; 7 (7)             ; 0 (0)        ; 0           ; 0            ; 0       ; 0         ; 0    ; 0            ; |305game|seven_seg:inst3                                                                                                 ;              ;
+-------------------------------------------+-------------------+--------------+-------------+--------------+---------+-----------+------+--------------+--------------------------------------------------------------------------------------------------------------------------+--------------+
Note: For table entries with two numbers listed, the numbers in parentheses indicate the number of resources of the given type used by the specific entity alone. The numbers listed outside of parentheses indicate the total resources of the given type used by the specific entity and all of its sub-entities in the hierarchy.


+----------------------------------------------------------------------------------------------------------------------------------------------------------------------------------------+
; Analysis & Synthesis RAM Summary                                                                                                                                                       ;
+------------------------------------------------------------------------------------------+------+------+--------------+--------------+--------------+--------------+------+------------+
; Name                                                                                     ; Type ; Mode ; Port A Depth ; Port A Width ; Port B Depth ; Port B Width ; Size ; MIF        ;
+------------------------------------------------------------------------------------------+------+------+--------------+--------------+--------------+--------------+------+------------+
; char_rom:inst9|altsyncram:altsyncram_component|altsyncram_kt91:auto_generated|ALTSYNCRAM ; AUTO ; ROM  ; 512          ; 8            ; --           ; --           ; 4096 ; tcgrom.mif ;
+------------------------------------------------------------------------------------------+------+------+--------------+--------------+--------------+--------------+------+------------+


Encoding Type:  One-Hot
+---------------------------------------------------------------------------------------------------------------------------------------------------------------------------------------------------------+
; State Machine - |305game|MOUSE:inst5|mouse_state                                                                                                                                                        ;
+-------------------------------+---------------------------+--------------------------+-------------------------------+---------------------------+--------------------------+---------------------------+
; Name                          ; mouse_state.INPUT_PACKETS ; mouse_state.WAIT_CMD_ACK ; mouse_state.WAIT_OUTPUT_READY ; mouse_state.LOAD_COMMAND2 ; mouse_state.LOAD_COMMAND ; mouse_state.INHIBIT_TRANS ;
+-------------------------------+---------------------------+--------------------------+-------------------------------+---------------------------+--------------------------+---------------------------+
; mouse_state.INHIBIT_TRANS     ; 0                         ; 0                        ; 0                             ; 0                         ; 0                        ; 0                         ;
; mouse_state.LOAD_COMMAND      ; 0                         ; 0                        ; 0                             ; 0                         ; 1                        ; 1                         ;
; mouse_state.LOAD_COMMAND2     ; 0                         ; 0                        ; 0                             ; 1                         ; 0                        ; 1                         ;
; mouse_state.WAIT_OUTPUT_READY ; 0                         ; 0                        ; 1                             ; 0                         ; 0                        ; 1                         ;
; mouse_state.WAIT_CMD_ACK      ; 0                         ; 1                        ; 0                             ; 0                         ; 0                        ; 1                         ;
; mouse_state.INPUT_PACKETS     ; 1                         ; 0                        ; 0                             ; 0                         ; 0                        ; 1                         ;
+-------------------------------+---------------------------+--------------------------+-------------------------------+---------------------------+--------------------------+---------------------------+


Encoding Type:  One-Hot
+----------------------------------------------------+
; State Machine - |305game|State_controller:inst7|CS ;
+-------------+-------------+---------+--------------+
; Name        ; CS.training ; CS.game ; CS.menu      ;
+-------------+-------------+---------+--------------+
; CS.menu     ; 0           ; 0       ; 0            ;
; CS.game     ; 0           ; 1       ; 1            ;
; CS.training ; 1           ; 0       ; 1            ;
+-------------+-------------+---------+--------------+


+------------------------------------------------------------------------------------------------------------------+
; User-Specified and Inferred Latches                                                                              ;
+----------------------------------------------------+------------------------------------+------------------------+
; Latch Name                                         ; Latch Enable Signal                ; Free of Timing Hazards ;
+----------------------------------------------------+------------------------------------+------------------------+
; State_controller:inst7|NS.game_65                  ; State_controller:inst7|CS.game     ; yes                    ;
; Text_Drawer:inst10|char_adr[0]                     ; State_controller:inst7|CS.training ; yes                    ;
; Text_Drawer:inst10|char_adr[1]                     ; State_controller:inst7|CS.training ; yes                    ;
; Text_Drawer:inst10|char_adr[2]                     ; State_controller:inst7|CS.training ; yes                    ;
; Text_Drawer:inst10|char_adr[3]                     ; State_controller:inst7|CS.training ; yes                    ;
; Text_Drawer:inst10|char_adr[4]                     ; State_controller:inst7|CS.training ; yes                    ;
; Text_Drawer:inst10|char_adr[5]                     ; State_controller:inst7|CS.training ; yes                    ;
; State_controller:inst7|NS.training_57              ; State_controller:inst7|CS.game     ; yes                    ;
; State_controller:inst7|NS.menu_73                  ; State_controller:inst7|CS.game     ; yes                    ;
; Number of user-specified and inferred latches = 9  ;                                    ;                        ;
+----------------------------------------------------+------------------------------------+------------------------+
Note: All latches listed above may not be present at the end of synthesis due to various synthesis optimizations.


+-----------------------------------------------------------------------------------------------+
; Registers Removed During Synthesis                                                            ;
+-------------------------------------------+---------------------------------------------------+
; Register name                             ; Reason for Removal                                ;
+-------------------------------------------+---------------------------------------------------+
; VGA_SYNC:inst1|pixel_column[10]           ; Stuck at GND due to stuck port data_in            ;
; MOUSE:inst5|CHAROUT[4..7]                 ; Stuck at VCC due to stuck port data_in            ;
; MOUSE:inst5|CHAROUT[3]                    ; Stuck at GND due to stuck port data_in            ;
; MOUSE:inst5|CHAROUT[2]                    ; Stuck at VCC due to stuck port data_in            ;
; MOUSE:inst5|CHAROUT[0,1]                  ; Stuck at GND due to stuck port data_in            ;
; MOUSE:inst5|SHIFTOUT[10]                  ; Stuck at VCC due to stuck port data_in            ;
; ball:inst|\Move_Ball:Ball_X_motion[1]     ; Merged with ball:inst|\Move_Ball:Ball_X_motion[0] ;
; ball:inst|\Move_Ball:Ball_X_motion[4..9]  ; Merged with ball:inst|\Move_Ball:Ball_X_motion[3] ;
; ball:inst|\Move_Ball:Ball_Y_motion[1]     ; Merged with ball:inst|\Move_Ball:Ball_Y_motion[0] ;
; ball:inst|\Move_Ball:Ball_Y_motion[4..9]  ; Merged with ball:inst|\Move_Ball:Ball_Y_motion[3] ;
; ball:inst|\Move_Ball:Ball_X_motion[0]     ; Stuck at GND due to stuck port data_in            ;
; ball:inst|\Move_Ball:Ball_Y_motion[0]     ; Stuck at GND due to stuck port data_in            ;
; ball:inst|Ball_Y_pos[0,1]                 ; Stuck at GND due to stuck port data_in            ;
; ball:inst|Ball_X_pos[0,1]                 ; Stuck at GND due to stuck port data_in            ;
; clk_divider:inst4|clk_out_hz_count[31]    ; Stuck at GND due to stuck port data_in            ;
; clk_divider:inst4|clk_out_hz_count[0..30] ; Lost fanout                                       ;
; VGA_SYNC:inst1|pixel_row[9]               ; Stuck at GND due to stuck port data_in            ;
; ball:inst|\Move_Ball:Ball_Y_motion[2]     ; Stuck at VCC due to stuck port data_in            ;
; ball:inst|\Move_Ball:Ball_X_motion[2]     ; Stuck at VCC due to stuck port data_in            ;
; Total Number of Removed Registers = 65    ;                                                   ;
+-------------------------------------------+---------------------------------------------------+


+------------------------------------------------------------------------------------------------------------------------------------------------+
; Removed Registers Triggering Further Register Optimizations                                                                                    ;
+---------------------------------------+---------------------------+----------------------------------------------------------------------------+
; Register name                         ; Reason for Removal        ; Registers Removed due to This Register                                     ;
+---------------------------------------+---------------------------+----------------------------------------------------------------------------+
; ball:inst|\Move_Ball:Ball_Y_motion[0] ; Stuck at GND              ; ball:inst|Ball_Y_pos[0], ball:inst|Ball_Y_pos[1], ball:inst|Ball_X_pos[0], ;
;                                       ; due to stuck port data_in ; ball:inst|Ball_X_pos[1]                                                    ;
+---------------------------------------+---------------------------+----------------------------------------------------------------------------+


+------------------------------------------------------+
; General Register Statistics                          ;
+----------------------------------------------+-------+
; Statistic                                    ; Value ;
+----------------------------------------------+-------+
; Total registers                              ; 192   ;
; Number of registers using Synchronous Clear  ; 17    ;
; Number of registers using Synchronous Load   ; 42    ;
; Number of registers using Asynchronous Clear ; 16    ;
; Number of registers using Asynchronous Load  ; 0     ;
; Number of registers using Clock Enable       ; 132   ;
; Number of registers using Preset             ; 0     ;
+----------------------------------------------+-------+


+--------------------------------------------------+
; Inverted Register Statistics                     ;
+----------------------------------------+---------+
; Inverted Register                      ; Fan out ;
+----------------------------------------+---------+
; MOUSE:inst5|send_char                  ; 3       ;
; MOUSE:inst5|SHIFTOUT[3]                ; 1       ;
; MOUSE:inst5|SHIFTOUT[5]                ; 1       ;
; MOUSE:inst5|SHIFTOUT[6]                ; 1       ;
; MOUSE:inst5|SHIFTOUT[7]                ; 1       ;
; MOUSE:inst5|SHIFTOUT[8]                ; 1       ;
; Total number of inverted registers = 6 ;         ;
+----------------------------------------+---------+


+---------------------------------------------------------------------------------------------------------------------------------------------------------+
; Multiplexer Restructuring Statistics (Restructuring Performed)                                                                                          ;
+--------------------+-----------+---------------+----------------------+------------------------+------------+-------------------------------------------+
; Multiplexer Inputs ; Bus Width ; Baseline Area ; Area if Restructured ; Saving if Restructured ; Registered ; Example Multiplexer Output                ;
+--------------------+-----------+---------------+----------------------+------------------------+------------+-------------------------------------------+
; 3:1                ; 10 bits   ; 20 LEs        ; 10 LEs               ; 10 LEs                 ; Yes        ; |305game|MOUSE:inst5|new_cursor_column[6] ;
; 3:1                ; 10 bits   ; 20 LEs        ; 10 LEs               ; 10 LEs                 ; Yes        ; |305game|VGA_SYNC:inst1|v_count[9]        ;
; 3:1                ; 8 bits    ; 16 LEs        ; 8 LEs                ; 8 LEs                  ; Yes        ; |305game|ball:inst|Ball_Y_pos[2]          ;
; 3:1                ; 9 bits    ; 18 LEs        ; 9 LEs                ; 9 LEs                  ; Yes        ; |305game|ball:inst|Ball_X_pos[9]          ;
; 3:1                ; 32 bits   ; 64 LEs        ; 32 LEs               ; 32 LEs                 ; Yes        ; |305game|ball:inst|score_count[18]        ;
; 5:1                ; 10 bits   ; 30 LEs        ; 20 LEs               ; 10 LEs                 ; Yes        ; |305game|MOUSE:inst5|cursor_column[5]     ;
; 3:1                ; 2 bits    ; 4 LEs         ; 4 LEs                ; 0 LEs                  ; No         ; |305game|ball:inst|Ball_X_motion          ;
; 3:1                ; 2 bits    ; 4 LEs         ; 4 LEs                ; 0 LEs                  ; No         ; |305game|ball:inst|Ball_Y_motion          ;
+--------------------+-----------+---------------+----------------------+------------------------+------------+-------------------------------------------+


+------------------------------------------------------------------------------------------------------+
; Source assignments for char_rom:inst9|altsyncram:altsyncram_component|altsyncram_kt91:auto_generated ;
+---------------------------------+--------------------+------+----------------------------------------+
; Assignment                      ; Value              ; From ; To                                     ;
+---------------------------------+--------------------+------+----------------------------------------+
; OPTIMIZE_POWER_DURING_SYNTHESIS ; NORMAL_COMPILATION ; -    ; -                                      ;
+---------------------------------+--------------------+------+----------------------------------------+


+----------------------------------------------------------------+
; Parameter Settings for User Entity Instance: clk_divider:inst4 ;
+----------------+-------+---------------------------------------+
; Parameter Name ; Value ; Type                                  ;
+----------------+-------+---------------------------------------+
; max            ; 0     ; Signed Integer                        ;
+----------------+-------+---------------------------------------+
Note: In order to hide this table in the UI and the text report file, please set the "Show Parameter Settings in Synthesis Report" option in "Analysis and Synthesis Settings -> More Settings" to "Off".


+--------------------------------------------------------+
; Parameter Settings for User Entity Instance: ball:inst ;
+----------------+-------+-------------------------------+
; Parameter Name ; Value ; Type                          ;
+----------------+-------+-------------------------------+
; addr_width     ; 12    ; Signed Integer                ;
; data_width     ; 1     ; Signed Integer                ;
+----------------+-------+-------------------------------+
Note: In order to hide this table in the UI and the text report file, please set the "Show Parameter Settings in Synthesis Report" option in "Analysis and Synthesis Settings -> More Settings" to "Off".


+---------------------------------------------------------------------------------------------+
; Parameter Settings for User Entity Instance: char_rom:inst9|altsyncram:altsyncram_component ;
+------------------------------------+----------------------+---------------------------------+
; Parameter Name                     ; Value                ; Type                            ;
+------------------------------------+----------------------+---------------------------------+
; BYTE_SIZE_BLOCK                    ; 8                    ; Untyped                         ;
; AUTO_CARRY_CHAINS                  ; ON                   ; AUTO_CARRY                      ;
; IGNORE_CARRY_BUFFERS               ; OFF                  ; IGNORE_CARRY                    ;
; AUTO_CASCADE_CHAINS                ; ON                   ; AUTO_CASCADE                    ;
; IGNORE_CASCADE_BUFFERS             ; OFF                  ; IGNORE_CASCADE                  ;
; WIDTH_BYTEENA                      ; 1                    ; Untyped                         ;
; OPERATION_MODE                     ; ROM                  ; Untyped                         ;
; WIDTH_A                            ; 8                    ; Signed Integer                  ;
; WIDTHAD_A                          ; 9                    ; Signed Integer                  ;
; NUMWORDS_A                         ; 512                  ; Signed Integer                  ;
; OUTDATA_REG_A                      ; UNREGISTERED         ; Untyped                         ;
; ADDRESS_ACLR_A                     ; NONE                 ; Untyped                         ;
; OUTDATA_ACLR_A                     ; NONE                 ; Untyped                         ;
; WRCONTROL_ACLR_A                   ; NONE                 ; Untyped                         ;
; INDATA_ACLR_A                      ; NONE                 ; Untyped                         ;
; BYTEENA_ACLR_A                     ; NONE                 ; Untyped                         ;
; WIDTH_B                            ; 1                    ; Untyped                         ;
; WIDTHAD_B                          ; 1                    ; Untyped                         ;
; NUMWORDS_B                         ; 1                    ; Untyped                         ;
; INDATA_REG_B                       ; CLOCK1               ; Untyped                         ;
; WRCONTROL_WRADDRESS_REG_B          ; CLOCK1               ; Untyped                         ;
; RDCONTROL_REG_B                    ; CLOCK1               ; Untyped                         ;
; ADDRESS_REG_B                      ; CLOCK1               ; Untyped                         ;
; OUTDATA_REG_B                      ; UNREGISTERED         ; Untyped                         ;
; BYTEENA_REG_B                      ; CLOCK1               ; Untyped                         ;
; INDATA_ACLR_B                      ; NONE                 ; Untyped                         ;
; WRCONTROL_ACLR_B                   ; NONE                 ; Untyped                         ;
; ADDRESS_ACLR_B                     ; NONE                 ; Untyped                         ;
; OUTDATA_ACLR_B                     ; NONE                 ; Untyped                         ;
; RDCONTROL_ACLR_B                   ; NONE                 ; Untyped                         ;
; BYTEENA_ACLR_B                     ; NONE                 ; Untyped                         ;
; WIDTH_BYTEENA_A                    ; 1                    ; Signed Integer                  ;
; WIDTH_BYTEENA_B                    ; 1                    ; Untyped                         ;
; RAM_BLOCK_TYPE                     ; AUTO                 ; Untyped                         ;
; BYTE_SIZE                          ; 8                    ; Untyped                         ;
; READ_DURING_WRITE_MODE_MIXED_PORTS ; DONT_CARE            ; Untyped                         ;
; READ_DURING_WRITE_MODE_PORT_A      ; NEW_DATA_NO_NBE_READ ; Untyped                         ;
; READ_DURING_WRITE_MODE_PORT_B      ; NEW_DATA_NO_NBE_READ ; Untyped                         ;
; INIT_FILE                          ; tcgrom.mif           ; Untyped                         ;
; INIT_FILE_LAYOUT                   ; PORT_A               ; Untyped                         ;
; MAXIMUM_DEPTH                      ; 0                    ; Untyped                         ;
; CLOCK_ENABLE_INPUT_A               ; BYPASS               ; Untyped                         ;
; CLOCK_ENABLE_INPUT_B               ; NORMAL               ; Untyped                         ;
; CLOCK_ENABLE_OUTPUT_A              ; BYPASS               ; Untyped                         ;
; CLOCK_ENABLE_OUTPUT_B              ; NORMAL               ; Untyped                         ;
; CLOCK_ENABLE_CORE_A                ; USE_INPUT_CLKEN      ; Untyped                         ;
; CLOCK_ENABLE_CORE_B                ; USE_INPUT_CLKEN      ; Untyped                         ;
; ENABLE_ECC                         ; FALSE                ; Untyped                         ;
; ECC_PIPELINE_STAGE_ENABLED         ; FALSE                ; Untyped                         ;
; WIDTH_ECCSTATUS                    ; 3                    ; Untyped                         ;
; DEVICE_FAMILY                      ; Cyclone III          ; Untyped                         ;
; CBXI_PARAMETER                     ; altsyncram_kt91      ; Untyped                         ;
+------------------------------------+----------------------+---------------------------------+
Note: In order to hide this table in the UI and the text report file, please set the "Show Parameter Settings in Synthesis Report" option in "Analysis and Synthesis Settings -> More Settings" to "Off".


+-------------------------------------------------------------------------------------+
; Parameter Settings for Inferred Entity Instance: Text_Drawer:inst10|lpm_divide:Div0 ;
+------------------------+----------------+-------------------------------------------+
; Parameter Name         ; Value          ; Type                                      ;
+------------------------+----------------+-------------------------------------------+
; LPM_WIDTHN             ; 32             ; Untyped                                   ;
; LPM_WIDTHD             ; 8              ; Untyped                                   ;
; LPM_NREPRESENTATION    ; SIGNED         ; Untyped                                   ;
; LPM_DREPRESENTATION    ; SIGNED         ; Untyped                                   ;
; LPM_PIPELINE           ; 0              ; Untyped                                   ;
; LPM_REMAINDERPOSITIVE  ; FALSE          ; Untyped                                   ;
; MAXIMIZE_SPEED         ; 5              ; Untyped                                   ;
; CBXI_PARAMETER         ; lpm_divide_jvo ; Untyped                                   ;
; CARRY_CHAIN            ; MANUAL         ; Untyped                                   ;
; OPTIMIZE_FOR_SPEED     ; 5              ; Untyped                                   ;
; AUTO_CARRY_CHAINS      ; ON             ; AUTO_CARRY                                ;
; IGNORE_CARRY_BUFFERS   ; OFF            ; IGNORE_CARRY                              ;
; AUTO_CASCADE_CHAINS    ; ON             ; AUTO_CASCADE                              ;
; IGNORE_CASCADE_BUFFERS ; OFF            ; IGNORE_CASCADE                            ;
+------------------------+----------------+-------------------------------------------+
Note: In order to hide this table in the UI and the text report file, please set the "Show Parameter Settings in Synthesis Report" option in "Analysis and Synthesis Settings -> More Settings" to "Off".


+-------------------------------------------------------------------------------------+
; Parameter Settings for Inferred Entity Instance: Text_Drawer:inst10|lpm_divide:Div1 ;
+------------------------+----------------+-------------------------------------------+
; Parameter Name         ; Value          ; Type                                      ;
+------------------------+----------------+-------------------------------------------+
; LPM_WIDTHN             ; 32             ; Untyped                                   ;
; LPM_WIDTHD             ; 5              ; Untyped                                   ;
; LPM_NREPRESENTATION    ; SIGNED         ; Untyped                                   ;
; LPM_DREPRESENTATION    ; SIGNED         ; Untyped                                   ;
; LPM_PIPELINE           ; 0              ; Untyped                                   ;
; LPM_REMAINDERPOSITIVE  ; FALSE          ; Untyped                                   ;
; MAXIMIZE_SPEED         ; 5              ; Untyped                                   ;
; CBXI_PARAMETER         ; lpm_divide_gvo ; Untyped                                   ;
; CARRY_CHAIN            ; MANUAL         ; Untyped                                   ;
; OPTIMIZE_FOR_SPEED     ; 5              ; Untyped                                   ;
; AUTO_CARRY_CHAINS      ; ON             ; AUTO_CARRY                                ;
; IGNORE_CARRY_BUFFERS   ; OFF            ; IGNORE_CARRY                              ;
; AUTO_CASCADE_CHAINS    ; ON             ; AUTO_CASCADE                              ;
; IGNORE_CASCADE_BUFFERS ; OFF            ; IGNORE_CASCADE                            ;
+------------------------+----------------+-------------------------------------------+
Note: In order to hide this table in the UI and the text report file, please set the "Show Parameter Settings in Synthesis Report" option in "Analysis and Synthesis Settings -> More Settings" to "Off".


+-------------------------------------------------------------------------------------+
; Parameter Settings for Inferred Entity Instance: Text_Drawer:inst10|lpm_divide:Div2 ;
+------------------------+----------------+-------------------------------------------+
; Parameter Name         ; Value          ; Type                                      ;
+------------------------+----------------+-------------------------------------------+
; LPM_WIDTHN             ; 32             ; Untyped                                   ;
; LPM_WIDTHD             ; 5              ; Untyped                                   ;
; LPM_NREPRESENTATION    ; SIGNED         ; Untyped                                   ;
; LPM_DREPRESENTATION    ; SIGNED         ; Untyped                                   ;
; LPM_PIPELINE           ; 0              ; Untyped                                   ;
; LPM_REMAINDERPOSITIVE  ; FALSE          ; Untyped                                   ;
; MAXIMIZE_SPEED         ; 5              ; Untyped                                   ;
; CBXI_PARAMETER         ; lpm_divide_gvo ; Untyped                                   ;
; CARRY_CHAIN            ; MANUAL         ; Untyped                                   ;
; OPTIMIZE_FOR_SPEED     ; 5              ; Untyped                                   ;
; AUTO_CARRY_CHAINS      ; ON             ; AUTO_CARRY                                ;
; IGNORE_CARRY_BUFFERS   ; OFF            ; IGNORE_CARRY                              ;
; AUTO_CASCADE_CHAINS    ; ON             ; AUTO_CASCADE                              ;
; IGNORE_CASCADE_BUFFERS ; OFF            ; IGNORE_CASCADE                            ;
+------------------------+----------------+-------------------------------------------+
Note: In order to hide this table in the UI and the text report file, please set the "Show Parameter Settings in Synthesis Report" option in "Analysis and Synthesis Settings -> More Settings" to "Off".


+------------------------------------------------------------------------------------+
; Parameter Settings for Inferred Entity Instance: Text_Drawer:inst10|lpm_mult:Mult0 ;
+------------------------------------------------+-------------+---------------------+
; Parameter Name                                 ; Value       ; Type                ;
+------------------------------------------------+-------------+---------------------+
; AUTO_CARRY_CHAINS                              ; ON          ; AUTO_CARRY          ;
; IGNORE_CARRY_BUFFERS                           ; OFF         ; IGNORE_CARRY        ;
; AUTO_CASCADE_CHAINS                            ; ON          ; AUTO_CASCADE        ;
; IGNORE_CASCADE_BUFFERS                         ; OFF         ; IGNORE_CASCADE      ;
; LPM_WIDTHA                                     ; 4           ; Untyped             ;
; LPM_WIDTHB                                     ; 7           ; Untyped             ;
; LPM_WIDTHP                                     ; 11          ; Untyped             ;
; LPM_WIDTHR                                     ; 11          ; Untyped             ;
; LPM_WIDTHS                                     ; 1           ; Untyped             ;
; LPM_REPRESENTATION                             ; UNSIGNED    ; Untyped             ;
; LPM_PIPELINE                                   ; 0           ; Untyped             ;
; LATENCY                                        ; 0           ; Untyped             ;
; INPUT_A_IS_CONSTANT                            ; NO          ; Untyped             ;
; INPUT_B_IS_CONSTANT                            ; YES         ; Untyped             ;
; USE_EAB                                        ; OFF         ; Untyped             ;
; MAXIMIZE_SPEED                                 ; 5           ; Untyped             ;
; DEVICE_FAMILY                                  ; Cyclone III ; Untyped             ;
; CARRY_CHAIN                                    ; MANUAL      ; Untyped             ;
; APEX20K_TECHNOLOGY_MAPPER                      ; LUT         ; TECH_MAPPER_APEX20K ;
; DEDICATED_MULTIPLIER_CIRCUITRY                 ; AUTO        ; Untyped             ;
; DEDICATED_MULTIPLIER_MIN_INPUT_WIDTH_FOR_AUTO  ; 0           ; Untyped             ;
; DEDICATED_MULTIPLIER_MIN_OUTPUT_WIDTH_FOR_AUTO ; 0           ; Untyped             ;
; CBXI_PARAMETER                                 ; NOTHING     ; Untyped             ;
; INPUT_A_FIXED_VALUE                            ; Bx          ; Untyped             ;
; INPUT_B_FIXED_VALUE                            ; Bx          ; Untyped             ;
; USE_AHDL_IMPLEMENTATION                        ; OFF         ; Untyped             ;
+------------------------------------------------+-------------+---------------------+
Note: In order to hide this table in the UI and the text report file, please set the "Show Parameter Settings in Synthesis Report" option in "Analysis and Synthesis Settings -> More Settings" to "Off".


+--------------------------------------------------------------------------------------------+
; altsyncram Parameter Settings by Entity Instance                                           ;
+-------------------------------------------+------------------------------------------------+
; Name                                      ; Value                                          ;
+-------------------------------------------+------------------------------------------------+
; Number of entity instances                ; 1                                              ;
; Entity Instance                           ; char_rom:inst9|altsyncram:altsyncram_component ;
;     -- OPERATION_MODE                     ; ROM                                            ;
;     -- WIDTH_A                            ; 8                                              ;
;     -- NUMWORDS_A                         ; 512                                            ;
;     -- OUTDATA_REG_A                      ; UNREGISTERED                                   ;
;     -- WIDTH_B                            ; 1                                              ;
;     -- NUMWORDS_B                         ; 1                                              ;
;     -- ADDRESS_REG_B                      ; CLOCK1                                         ;
;     -- OUTDATA_REG_B                      ; UNREGISTERED                                   ;
;     -- RAM_BLOCK_TYPE                     ; AUTO                                           ;
;     -- READ_DURING_WRITE_MODE_MIXED_PORTS ; DONT_CARE                                      ;
+-------------------------------------------+------------------------------------------------+


+---------------------------------------------------------------------------+
; lpm_mult Parameter Settings by Entity Instance                            ;
+---------------------------------------+-----------------------------------+
; Name                                  ; Value                             ;
+---------------------------------------+-----------------------------------+
; Number of entity instances            ; 1                                 ;
; Entity Instance                       ; Text_Drawer:inst10|lpm_mult:Mult0 ;
;     -- LPM_WIDTHA                     ; 4                                 ;
;     -- LPM_WIDTHB                     ; 7                                 ;
;     -- LPM_WIDTHP                     ; 11                                ;
;     -- LPM_REPRESENTATION             ; UNSIGNED                          ;
;     -- INPUT_A_IS_CONSTANT            ; NO                                ;
;     -- INPUT_B_IS_CONSTANT            ; YES                               ;
;     -- USE_EAB                        ; OFF                               ;
;     -- DEDICATED_MULTIPLIER_CIRCUITRY ; AUTO                              ;
;     -- INPUT_A_FIXED_VALUE            ; Bx                                ;
;     -- INPUT_B_FIXED_VALUE            ; Bx                                ;
+---------------------------------------+-----------------------------------+


+-------------------------------+
; Elapsed Time Per Partition    ;
+----------------+--------------+
; Partition Name ; Elapsed Time ;
+----------------+--------------+
; Top            ; 00:00:03     ;
+----------------+--------------+


+-------------------------------+
; Analysis & Synthesis Messages ;
+-------------------------------+
Info: *******************************************************************
Info: Running Quartus II 64-Bit Analysis & Synthesis
    Info: Version 13.0.0 Build 156 04/24/2013 SJ Web Edition
    Info: Processing started: Thu May 17 17:43:05 2018
Info: Command: quartus_map --read_settings_files=on --write_settings_files=off 305game -c 305game
Warning (20028): Parallel compilation is not licensed and has been disabled
Info (12021): Found 2 design units, including 1 entities, in source file state_controller.vhd
    Info (12022): Found design unit 1: State_controller-behaviour
    Info (12023): Found entity 1: State_controller
Info (12021): Found 2 design units, including 1 entities, in source file compute_rgb.vhd
    Info (12022): Found design unit 1: Compute_RGB-behaviour
    Info (12023): Found entity 1: Compute_RGB
Info (12021): Found 2 design units, including 1 entities, in source file mouse.vhd
    Info (12022): Found design unit 1: MOUSE-behavior
    Info (12023): Found entity 1: MOUSE
Info (12021): Found 2 design units, including 1 entities, in source file vga_sync.vhd
    Info (12022): Found design unit 1: VGA_SYNC-a
    Info (12023): Found entity 1: VGA_SYNC
Info (12021): Found 2 design units, including 1 entities, in source file seven_seg.vhd
    Info (12022): Found design unit 1: seven_seg-beh
    Info (12023): Found entity 1: seven_seg
Info (12021): Found 1 design units, including 1 entities, in source file 305game.bdf
    Info (12023): Found entity 1: 305game
Info (12021): Found 2 design units, including 1 entities, in source file clk_divider.vhd
    Info (12022): Found design unit 1: clk_divider-behaviour
    Info (12023): Found entity 1: clk_divider
Info (12021): Found 2 design units, including 1 entities, in source file char_rom.vhd
    Info (12022): Found design unit 1: char_rom-SYN
    Info (12023): Found entity 1: char_rom
Info (12021): Found 3 design units, including 1 entities, in source file ball.vhd
    Info (12022): Found design unit 1: de0core
    Info (12022): Found design unit 2: ball-behavior
    Info (12023): Found entity 1: ball
Info (12021): Found 2 design units, including 1 entities, in source file platform.vhd
    Info (12022): Found design unit 1: platform-behavior
    Info (12023): Found entity 1: platform
Info (12021): Found 2 design units, including 1 entities, in source file seven_seg_splitter.vhd
    Info (12022): Found design unit 1: seven_seg_splitter-beh
    Info (12023): Found entity 1: seven_seg_splitter
Info (12021): Found 2 design units, including 1 entities, in source file text_drawer.vhd
    Info (12022): Found design unit 1: Text_Drawer-behaviour
    Info (12023): Found entity 1: Text_Drawer
Info (12127): Elaborating entity "305game" for the top level hierarchy
Info (12128): Elaborating entity "VGA_SYNC" for hierarchy "VGA_SYNC:inst1"
Info (12128): Elaborating entity "clk_divider" for hierarchy "clk_divider:inst4"
Info (12128): Elaborating entity "Compute_RGB" for hierarchy "Compute_RGB:inst11"
Info (12128): Elaborating entity "ball" for hierarchy "ball:inst"
Warning (10540): VHDL Signal Declaration warning at ball.vhd(48): used explicit default value for signal "Size" because signal was never assigned a value
Warning (10492): VHDL Process Statement warning at ball.vhd(84): signal "Ball_On_Sig" is read inside the Process Statement but isn't in the Process Statement's sensitivity list
Warning (10492): VHDL Process Statement warning at ball.vhd(90): signal "Ball_On_Sig" is read inside the Process Statement but isn't in the Process Statement's sensitivity list
Info (12128): Elaborating entity "State_controller" for hierarchy "State_controller:inst7"
Warning (10631): VHDL Process Statement warning at State_controller.vhd(31): inferring latch(es) for signal or variable "NS", which holds its previous value in one or more paths through the process
Info (10041): Inferred latch for "NS.training" at State_controller.vhd(31)
Info (10041): Inferred latch for "NS.game" at State_controller.vhd(31)
Info (10041): Inferred latch for "NS.menu" at State_controller.vhd(31)
Info (12128): Elaborating entity "MOUSE" for hierarchy "MOUSE:inst5"
Warning (10036): Verilog HDL or VHDL warning at mouse.VHD(25): object "CHARIN" assigned a value but never read
Warning (10492): VHDL Process Statement warning at mouse.VHD(151): signal "CHAROUT" is read inside the Process Statement but isn't in the Process Statement's sensitivity list
Warning (10492): VHDL Process Statement warning at mouse.VHD(155): signal "CHAROUT" is read inside the Process Statement but isn't in the Process Statement's sensitivity list
Warning (10492): VHDL Process Statement warning at mouse.VHD(156): signal "CHAROUT" is read inside the Process Statement but isn't in the Process Statement's sensitivity list
Warning (10492): VHDL Process Statement warning at mouse.VHD(157): signal "CHAROUT" is read inside the Process Statement but isn't in the Process Statement's sensitivity list
Info (12128): Elaborating entity "platform" for hierarchy "platform:inst8"
Warning (10540): VHDL Signal Declaration warning at platform.vhd(26): used explicit default value for signal "Platform_Y" because signal was never assigned a value
Warning (10540): VHDL Signal Declaration warning at platform.vhd(27): used explicit default value for signal "Platform_Width" because signal was never assigned a value
Warning (10540): VHDL Signal Declaration warning at platform.vhd(28): used explicit default value for signal "Platform_Height" because signal was never assigned a value
Warning (10492): VHDL Process Statement warning at platform.vhd(44): signal "Platform_Y" is read inside the Process Statement but isn't in the Process Statement's sensitivity list
Warning (10492): VHDL Process Statement warning at platform.vhd(44): signal "Platform_Height" is read inside the Process Statement but isn't in the Process Statement's sensitivity list
Warning (10492): VHDL Process Statement warning at platform.vhd(45): signal "Platform_X" is read inside the Process Statement but isn't in the Process Statement's sensitivity list
Warning (10492): VHDL Process Statement warning at platform.vhd(45): signal "Platform_Width" is read inside the Process Statement but isn't in the Process Statement's sensitivity list
Info (12128): Elaborating entity "char_rom" for hierarchy "char_rom:inst9"
Info (12128): Elaborating entity "altsyncram" for hierarchy "char_rom:inst9|altsyncram:altsyncram_component"
Info (12130): Elaborated megafunction instantiation "char_rom:inst9|altsyncram:altsyncram_component"
Info (12133): Instantiated megafunction "char_rom:inst9|altsyncram:altsyncram_component" with the following parameter:
    Info (12134): Parameter "address_aclr_a" = "NONE"
    Info (12134): Parameter "clock_enable_input_a" = "BYPASS"
    Info (12134): Parameter "clock_enable_output_a" = "BYPASS"
    Info (12134): Parameter "init_file" = "tcgrom.mif"
    Info (12134): Parameter "intended_device_family" = "Cyclone III"
    Info (12134): Parameter "lpm_hint" = "ENABLE_RUNTIME_MOD=NO"
    Info (12134): Parameter "lpm_type" = "altsyncram"
    Info (12134): Parameter "numwords_a" = "512"
    Info (12134): Parameter "operation_mode" = "ROM"
    Info (12134): Parameter "outdata_aclr_a" = "NONE"
    Info (12134): Parameter "outdata_reg_a" = "UNREGISTERED"
    Info (12134): Parameter "widthad_a" = "9"
    Info (12134): Parameter "width_a" = "8"
    Info (12134): Parameter "width_byteena_a" = "1"
Info (12021): Found 1 design units, including 1 entities, in source file db/altsyncram_kt91.tdf
    Info (12023): Found entity 1: altsyncram_kt91
Info (12128): Elaborating entity "altsyncram_kt91" for hierarchy "char_rom:inst9|altsyncram:altsyncram_component|altsyncram_kt91:auto_generated"
Info (12128): Elaborating entity "Text_Drawer" for hierarchy "Text_Drawer:inst10"
Warning (10492): VHDL Process Statement warning at Text_Drawer.vhd(27): signal "score" is read inside the Process Statement but isn't in the Process Statement's sensitivity list
Warning (10492): VHDL Process Statement warning at Text_Drawer.vhd(28): signal "score" is read inside the Process Statement but isn't in the Process Statement's sensitivity list
Warning (10492): VHDL Process Statement warning at Text_Drawer.vhd(29): signal "score" is read inside the Process Statement but isn't in the Process Statement's sensitivity list
Warning (10492): VHDL Process Statement warning at Text_Drawer.vhd(30): signal "score" is read inside the Process Statement but isn't in the Process Statement's sensitivity list
Warning (10492): VHDL Process Statement warning at Text_Drawer.vhd(31): signal "score" is read inside the Process Statement but isn't in the Process Statement's sensitivity list
Warning (10492): VHDL Process Statement warning at Text_Drawer.vhd(33): signal "score" is read inside the Process Statement but isn't in the Process Statement's sensitivity list
Warning (10492): VHDL Process Statement warning at Text_Drawer.vhd(34): signal "score" is read inside the Process Statement but isn't in the Process Statement's sensitivity list
Warning (10492): VHDL Process Statement warning at Text_Drawer.vhd(38): signal "score" is read inside the Process Statement but isn't in the Process Statement's sensitivity list
Warning (10492): VHDL Process Statement warning at Text_Drawer.vhd(43): signal "state" is read inside the Process Statement but isn't in the Process Statement's sensitivity list
Warning (10492): VHDL Process Statement warning at Text_Drawer.vhd(66): signal "Switch" is read inside the Process Statement but isn't in the Process Statement's sensitivity list
Warning (10492): VHDL Process Statement warning at Text_Drawer.vhd(82): signal "Switch" is read inside the Process Statement but isn't in the Process Statement's sensitivity list
Warning (10492): VHDL Process Statement warning at Text_Drawer.vhd(91): signal "Switch" is read inside the Process Statement but isn't in the Process Statement's sensitivity list
Warning (10492): VHDL Process Statement warning at Text_Drawer.vhd(118): signal "Switch" is read inside the Process Statement but isn't in the Process Statement's sensitivity list
Warning (10492): VHDL Process Statement warning at Text_Drawer.vhd(130): signal "state" is read inside the Process Statement but isn't in the Process Statement's sensitivity list
Warning (10631): VHDL Process Statement warning at Text_Drawer.vhd(24): inferring latch(es) for signal or variable "char_adr", which holds its previous value in one or more paths through the process
Info (10041): Inferred latch for "char_adr[0]" at Text_Drawer.vhd(24)
Info (10041): Inferred latch for "char_adr[1]" at Text_Drawer.vhd(24)
Info (10041): Inferred latch for "char_adr[2]" at Text_Drawer.vhd(24)
Info (10041): Inferred latch for "char_adr[3]" at Text_Drawer.vhd(24)
Info (10041): Inferred latch for "char_adr[4]" at Text_Drawer.vhd(24)
Info (10041): Inferred latch for "char_adr[5]" at Text_Drawer.vhd(24)
Info (12128): Elaborating entity "seven_seg" for hierarchy "seven_seg:inst2"
Info (278001): Inferred 4 megafunctions from design logic
    Info (278004): Inferred divider/modulo megafunction ("lpm_divide") from the following logic: "Text_Drawer:inst10|Div0"
    Info (278004): Inferred divider/modulo megafunction ("lpm_divide") from the following logic: "Text_Drawer:inst10|Div1"
    Info (278004): Inferred divider/modulo megafunction ("lpm_divide") from the following logic: "Text_Drawer:inst10|Div2"
    Info (278003): Inferred multiplier megafunction ("lpm_mult") from the following logic: "Text_Drawer:inst10|Mult0"
Info (12130): Elaborated megafunction instantiation "Text_Drawer:inst10|lpm_divide:Div0"
Info (12133): Instantiated megafunction "Text_Drawer:inst10|lpm_divide:Div0" with the following parameter:
    Info (12134): Parameter "LPM_WIDTHN" = "32"
    Info (12134): Parameter "LPM_WIDTHD" = "8"
    Info (12134): Parameter "LPM_NREPRESENTATION" = "SIGNED"
    Info (12134): Parameter "LPM_DREPRESENTATION" = "SIGNED"
    Info (12134): Parameter "LPM_HINT" = "LPM_REMAINDERPOSITIVE=FALSE"
Info (12021): Found 1 design units, including 1 entities, in source file db/lpm_divide_jvo.tdf
    Info (12023): Found entity 1: lpm_divide_jvo
Info (12021): Found 1 design units, including 1 entities, in source file db/abs_divider_nbg.tdf
    Info (12023): Found entity 1: abs_divider_nbg
Info (12021): Found 1 design units, including 1 entities, in source file db/alt_u_div_36f.tdf
    Info (12023): Found entity 1: alt_u_div_36f
Info (12021): Found 1 design units, including 1 entities, in source file db/add_sub_unc.tdf
    Info (12023): Found entity 1: add_sub_unc
Info (12021): Found 1 design units, including 1 entities, in source file db/add_sub_vnc.tdf
    Info (12023): Found entity 1: add_sub_vnc
Info (12021): Found 1 design units, including 1 entities, in source file db/lpm_abs_st9.tdf
    Info (12023): Found entity 1: lpm_abs_st9
Info (12021): Found 1 design units, including 1 entities, in source file db/lpm_abs_9v9.tdf
    Info (12023): Found entity 1: lpm_abs_9v9
Info (12130): Elaborated megafunction instantiation "Text_Drawer:inst10|lpm_divide:Div1"
Info (12133): Instantiated megafunction "Text_Drawer:inst10|lpm_divide:Div1" with the following parameter:
    Info (12134): Parameter "LPM_WIDTHN" = "32"
    Info (12134): Parameter "LPM_WIDTHD" = "5"
    Info (12134): Parameter "LPM_NREPRESENTATION" = "SIGNED"
    Info (12134): Parameter "LPM_DREPRESENTATION" = "SIGNED"
    Info (12134): Parameter "LPM_HINT" = "LPM_REMAINDERPOSITIVE=FALSE"
Info (12021): Found 1 design units, including 1 entities, in source file db/lpm_divide_gvo.tdf
    Info (12023): Found entity 1: lpm_divide_gvo
Info (12021): Found 1 design units, including 1 entities, in source file db/abs_divider_kbg.tdf
    Info (12023): Found entity 1: abs_divider_kbg
Info (12021): Found 1 design units, including 1 entities, in source file db/alt_u_div_t5f.tdf
    Info (12023): Found entity 1: alt_u_div_t5f
Info (12021): Found 1 design units, including 1 entities, in source file db/lpm_abs_pt9.tdf
    Info (12023): Found entity 1: lpm_abs_pt9
Info (12130): Elaborated megafunction instantiation "Text_Drawer:inst10|lpm_mult:Mult0"
Info (12133): Instantiated megafunction "Text_Drawer:inst10|lpm_mult:Mult0" with the following parameter:
    Info (12134): Parameter "LPM_WIDTHA" = "4"
    Info (12134): Parameter "LPM_WIDTHB" = "7"
    Info (12134): Parameter "LPM_WIDTHP" = "11"
    Info (12134): Parameter "LPM_WIDTHR" = "11"
    Info (12134): Parameter "LPM_WIDTHS" = "1"
    Info (12134): Parameter "LPM_REPRESENTATION" = "UNSIGNED"
    Info (12134): Parameter "INPUT_A_IS_CONSTANT" = "NO"
    Info (12134): Parameter "INPUT_B_IS_CONSTANT" = "YES"
    Info (12134): Parameter "MAXIMIZE_SPEED" = "5"
Info (12131): Elaborated megafunction instantiation "Text_Drawer:inst10|lpm_mult:Mult0|multcore:mult_core", which is child of megafunction instantiation "Text_Drawer:inst10|lpm_mult:Mult0"
Info (12131): Elaborated megafunction instantiation "Text_Drawer:inst10|lpm_mult:Mult0|multcore:mult_core|mpar_add:padder", which is child of megafunction instantiation "Text_Drawer:inst10|lpm_mult:Mult0"
Info (12131): Elaborated megafunction instantiation "Text_Drawer:inst10|lpm_mult:Mult0|altshift:external_latency_ffs", which is child of megafunction instantiation "Text_Drawer:inst10|lpm_mult:Mult0"
Info (13014): Ignored 93 buffer(s)
    Info (13016): Ignored 93 CARRY_SUM buffer(s)
Info (13000): Registers with preset signals will power-up high
Info (13003): DEV_CLRn pin will set, and not reset, register with preset signal due to NOT Gate Push-Back
Info (286030): Timing-Driven Synthesis is running
Info (17049): 31 registers lost all their fanouts during netlist optimizations.
Info (17016): Found the following redundant logic cells in design
    Info (17048): Logic cell "Text_Drawer:inst10|Add0~0"
    Info (17048): Logic cell "Text_Drawer:inst10|Add0~62"
Info (16010): Generating hard_block partition "hard_block:auto_generated_inst"
    Info (16011): Adding 0 node(s), including 0 DDIO, 0 PLL, 0 transceiver and 0 LCELL
Info (21057): Implemented 2243 device resources after synthesis - the final resource count might be different
    Info (21058): Implemented 5 input pins
    Info (21059): Implemented 19 output pins
    Info (21060): Implemented 2 bidirectional pins
    Info (21061): Implemented 2209 logic cells
    Info (21064): Implemented 8 RAM segments
Info: Quartus II 64-Bit Analysis & Synthesis was successful. 0 errors, 32 warnings
    Info: Peak virtual memory: 521 megabytes
    Info: Processing ended: Thu May 17 17:43:11 2018
    Info: Elapsed time: 00:00:06
    Info: Total CPU time (on all processors): 00:00:06


