------------------------------------------------------------
TimeQuest Timing Analyzer Summary
------------------------------------------------------------

Type  : Slow 1200mV 85C Model Setup 'State_controller:inst7|CS.training'
Slack : -197.868
TNS   : -802.100

Type  : Slow 1200mV 85C Model Setup 'VGA_SYNC:inst1|vert_sync_out'
Slack : -9.325
TNS   : -461.061

Type  : Slow 1200mV 85C Model Setup 'clk_divider:inst4|clk_out_hz_temp'
Slack : -6.661
TNS   : -176.352

Type  : Slow 1200mV 85C Model Setup 'MOUSE:inst5|MOUSE_CLK_FILTER'
Slack : -2.767
TNS   : -129.237

Type  : Slow 1200mV 85C Model Setup 'State_controller:inst7|CS.game'
Slack : -0.203
TNS   : -0.323

Type  : Slow 1200mV 85C Model Setup 'clk'
Slack : -0.100
TNS   : -0.100

Type  : Slow 1200mV 85C Model Hold 'State_controller:inst7|CS.game'
Slack : -0.705
TNS   : -1.785

Type  : Slow 1200mV 85C Model Hold 'VGA_SYNC:inst1|vert_sync_out'
Slack : -0.223
TNS   : -5.144

Type  : Slow 1200mV 85C Model Hold 'clk_divider:inst4|clk_out_hz_temp'
Slack : -0.133
TNS   : -0.133

Type  : Slow 1200mV 85C Model Hold 'clk'
Slack : -0.014
TNS   : -0.014

Type  : Slow 1200mV 85C Model Hold 'MOUSE:inst5|MOUSE_CLK_FILTER'
Slack : 0.431
TNS   : 0.000

Type  : Slow 1200mV 85C Model Hold 'State_controller:inst7|CS.training'
Slack : 1.515
TNS   : 0.000

Type  : Slow 1200mV 85C Model Recovery 'MOUSE:inst5|MOUSE_CLK_FILTER'
Slack : -1.287
TNS   : -15.702

Type  : Slow 1200mV 85C Model Removal 'MOUSE:inst5|MOUSE_CLK_FILTER'
Slack : 1.157
TNS   : 0.000

Type  : Slow 1200mV 85C Model Minimum Pulse Width 'clk_divider:inst4|clk_out_hz_temp'
Slack : -3.201
TNS   : -119.187

Type  : Slow 1200mV 85C Model Minimum Pulse Width 'clk'
Slack : -3.000
TNS   : -4.487

Type  : Slow 1200mV 85C Model Minimum Pulse Width 'MOUSE:inst5|MOUSE_CLK_FILTER'
Slack : -1.487
TNS   : -90.707

Type  : Slow 1200mV 85C Model Minimum Pulse Width 'VGA_SYNC:inst1|vert_sync_out'
Slack : -1.487
TNS   : -77.324

Type  : Slow 1200mV 85C Model Minimum Pulse Width 'State_controller:inst7|CS.training'
Slack : 0.327
TNS   : 0.000

Type  : Slow 1200mV 85C Model Minimum Pulse Width 'State_controller:inst7|CS.game'
Slack : 0.378
TNS   : 0.000

Type  : Slow 1200mV 0C Model Setup 'State_controller:inst7|CS.training'
Slack : -181.156
TNS   : -734.486

Type  : Slow 1200mV 0C Model Setup 'VGA_SYNC:inst1|vert_sync_out'
Slack : -8.661
TNS   : -427.715

Type  : Slow 1200mV 0C Model Setup 'clk_divider:inst4|clk_out_hz_temp'
Slack : -6.083
TNS   : -157.294

Type  : Slow 1200mV 0C Model Setup 'MOUSE:inst5|MOUSE_CLK_FILTER'
Slack : -2.566
TNS   : -118.889

Type  : Slow 1200mV 0C Model Setup 'State_controller:inst7|CS.game'
Slack : -0.178
TNS   : -0.223

Type  : Slow 1200mV 0C Model Setup 'clk'
Slack : -0.019
TNS   : -0.019

Type  : Slow 1200mV 0C Model Hold 'State_controller:inst7|CS.game'
Slack : -0.604
TNS   : -1.489

Type  : Slow 1200mV 0C Model Hold 'VGA_SYNC:inst1|vert_sync_out'
Slack : -0.163
TNS   : -1.544

Type  : Slow 1200mV 0C Model Hold 'clk'
Slack : -0.011
TNS   : -0.011

Type  : Slow 1200mV 0C Model Hold 'clk_divider:inst4|clk_out_hz_temp'
Slack : 0.025
TNS   : 0.000

Type  : Slow 1200mV 0C Model Hold 'MOUSE:inst5|MOUSE_CLK_FILTER'
Slack : 0.373
TNS   : 0.000

Type  : Slow 1200mV 0C Model Hold 'State_controller:inst7|CS.training'
Slack : 1.330
TNS   : 0.000

Type  : Slow 1200mV 0C Model Recovery 'MOUSE:inst5|MOUSE_CLK_FILTER'
Slack : -1.192
TNS   : -14.752

Type  : Slow 1200mV 0C Model Removal 'MOUSE:inst5|MOUSE_CLK_FILTER'
Slack : 1.192
TNS   : 0.000

Type  : Slow 1200mV 0C Model Minimum Pulse Width 'clk_divider:inst4|clk_out_hz_temp'
Slack : -3.201
TNS   : -119.187

Type  : Slow 1200mV 0C Model Minimum Pulse Width 'clk'
Slack : -3.000
TNS   : -4.487

Type  : Slow 1200mV 0C Model Minimum Pulse Width 'MOUSE:inst5|MOUSE_CLK_FILTER'
Slack : -1.487
TNS   : -90.707

Type  : Slow 1200mV 0C Model Minimum Pulse Width 'VGA_SYNC:inst1|vert_sync_out'
Slack : -1.487
TNS   : -77.324

Type  : Slow 1200mV 0C Model Minimum Pulse Width 'State_controller:inst7|CS.training'
Slack : 0.202
TNS   : 0.000

Type  : Slow 1200mV 0C Model Minimum Pulse Width 'State_controller:inst7|CS.game'
Slack : 0.281
TNS   : 0.000

Type  : Fast 1200mV 0C Model Setup 'State_controller:inst7|CS.training'
Slack : -84.592
TNS   : -341.816

Type  : Fast 1200mV 0C Model Setup 'VGA_SYNC:inst1|vert_sync_out'
Slack : -3.326
TNS   : -162.972

Type  : Fast 1200mV 0C Model Setup 'clk_divider:inst4|clk_out_hz_temp'
Slack : -2.277
TNS   : -41.155

Type  : Fast 1200mV 0C Model Setup 'MOUSE:inst5|MOUSE_CLK_FILTER'
Slack : -0.624
TNS   : -22.760

Type  : Fast 1200mV 0C Model Setup 'State_controller:inst7|CS.game'
Slack : 0.120
TNS   : 0.000

Type  : Fast 1200mV 0C Model Setup 'clk'
Slack : 0.314
TNS   : 0.000

Type  : Fast 1200mV 0C Model Hold 'State_controller:inst7|CS.game'
Slack : -0.402
TNS   : -1.142

Type  : Fast 1200mV 0C Model Hold 'clk_divider:inst4|clk_out_hz_temp'
Slack : -0.210
TNS   : -0.500

Type  : Fast 1200mV 0C Model Hold 'VGA_SYNC:inst1|vert_sync_out'
Slack : -0.175
TNS   : -7.679

Type  : Fast 1200mV 0C Model Hold 'clk'
Slack : -0.086
TNS   : -0.086

Type  : Fast 1200mV 0C Model Hold 'MOUSE:inst5|MOUSE_CLK_FILTER'
Slack : 0.150
TNS   : 0.000

Type  : Fast 1200mV 0C Model Hold 'State_controller:inst7|CS.training'
Slack : 0.646
TNS   : 0.000

Type  : Fast 1200mV 0C Model Recovery 'MOUSE:inst5|MOUSE_CLK_FILTER'
Slack : -0.183
TNS   : -0.948

Type  : Fast 1200mV 0C Model Removal 'MOUSE:inst5|MOUSE_CLK_FILTER'
Slack : 0.604
TNS   : 0.000

Type  : Fast 1200mV 0C Model Minimum Pulse Width 'clk'
Slack : -3.000
TNS   : -4.000

Type  : Fast 1200mV 0C Model Minimum Pulse Width 'clk_divider:inst4|clk_out_hz_temp'
Slack : -1.000
TNS   : -79.000

Type  : Fast 1200mV 0C Model Minimum Pulse Width 'MOUSE:inst5|MOUSE_CLK_FILTER'
Slack : -1.000
TNS   : -61.000

Type  : Fast 1200mV 0C Model Minimum Pulse Width 'VGA_SYNC:inst1|vert_sync_out'
Slack : -1.000
TNS   : -52.000

Type  : Fast 1200mV 0C Model Minimum Pulse Width 'State_controller:inst7|CS.training'
Slack : 0.379
TNS   : 0.000

Type  : Fast 1200mV 0C Model Minimum Pulse Width 'State_controller:inst7|CS.game'
Slack : 0.381
TNS   : 0.000

------------------------------------------------------------
