------------------------------------------------------------
TimeQuest Timing Analyzer Summary
------------------------------------------------------------

Type  : Slow 1200mV 85C Model Setup 'clk_divider:inst4|clk_out_hz_temp'
Slack : -210.309
TNS   : -372.664

Type  : Slow 1200mV 85C Model Setup 'VGA_SYNC:inst1|vert_sync_out'
Slack : -9.626
TNS   : -439.342

Type  : Slow 1200mV 85C Model Setup 'MOUSE:inst5|MOUSE_CLK_FILTER'
Slack : -3.089
TNS   : -135.328

Type  : Slow 1200mV 85C Model Setup 'clk'
Slack : -0.151
TNS   : -0.151

Type  : Slow 1200mV 85C Model Hold 'clk'
Slack : -0.120
TNS   : -0.120

Type  : Slow 1200mV 85C Model Hold 'clk_divider:inst4|clk_out_hz_temp'
Slack : 0.436
TNS   : 0.000

Type  : Slow 1200mV 85C Model Hold 'VGA_SYNC:inst1|vert_sync_out'
Slack : 0.455
TNS   : 0.000

Type  : Slow 1200mV 85C Model Hold 'MOUSE:inst5|MOUSE_CLK_FILTER'
Slack : 0.456
TNS   : 0.000

Type  : Slow 1200mV 85C Model Recovery 'MOUSE:inst5|MOUSE_CLK_FILTER'
Slack : -1.390
TNS   : -11.445

Type  : Slow 1200mV 85C Model Removal 'MOUSE:inst5|MOUSE_CLK_FILTER'
Slack : 0.769
TNS   : 0.000

Type  : Slow 1200mV 85C Model Minimum Pulse Width 'clk_divider:inst4|clk_out_hz_temp'
Slack : -3.201
TNS   : -114.726

Type  : Slow 1200mV 85C Model Minimum Pulse Width 'clk'
Slack : -3.000
TNS   : -4.487

Type  : Slow 1200mV 85C Model Minimum Pulse Width 'MOUSE:inst5|MOUSE_CLK_FILTER'
Slack : -1.487
TNS   : -90.707

Type  : Slow 1200mV 85C Model Minimum Pulse Width 'VGA_SYNC:inst1|vert_sync_out'
Slack : -1.487
TNS   : -75.837

Type  : Slow 1200mV 0C Model Setup 'clk_divider:inst4|clk_out_hz_temp'
Slack : -193.037
TNS   : -337.799

Type  : Slow 1200mV 0C Model Setup 'VGA_SYNC:inst1|vert_sync_out'
Slack : -8.725
TNS   : -397.982

Type  : Slow 1200mV 0C Model Setup 'MOUSE:inst5|MOUSE_CLK_FILTER'
Slack : -2.778
TNS   : -121.695

Type  : Slow 1200mV 0C Model Setup 'clk'
Slack : -0.112
TNS   : -0.112

Type  : Slow 1200mV 0C Model Hold 'clk'
Slack : -0.124
TNS   : -0.124

Type  : Slow 1200mV 0C Model Hold 'clk_divider:inst4|clk_out_hz_temp'
Slack : 0.385
TNS   : 0.000

Type  : Slow 1200mV 0C Model Hold 'VGA_SYNC:inst1|vert_sync_out'
Slack : 0.403
TNS   : 0.000

Type  : Slow 1200mV 0C Model Hold 'MOUSE:inst5|MOUSE_CLK_FILTER'
Slack : 0.404
TNS   : 0.000

Type  : Slow 1200mV 0C Model Recovery 'MOUSE:inst5|MOUSE_CLK_FILTER'
Slack : -1.318
TNS   : -10.468

Type  : Slow 1200mV 0C Model Removal 'MOUSE:inst5|MOUSE_CLK_FILTER'
Slack : 0.799
TNS   : 0.000

Type  : Slow 1200mV 0C Model Minimum Pulse Width 'clk_divider:inst4|clk_out_hz_temp'
Slack : -3.201
TNS   : -114.726

Type  : Slow 1200mV 0C Model Minimum Pulse Width 'clk'
Slack : -3.000
TNS   : -4.487

Type  : Slow 1200mV 0C Model Minimum Pulse Width 'MOUSE:inst5|MOUSE_CLK_FILTER'
Slack : -1.487
TNS   : -90.707

Type  : Slow 1200mV 0C Model Minimum Pulse Width 'VGA_SYNC:inst1|vert_sync_out'
Slack : -1.487
TNS   : -75.837

Type  : Fast 1200mV 0C Model Setup 'clk_divider:inst4|clk_out_hz_temp'
Slack : -89.980
TNS   : -123.699

Type  : Fast 1200mV 0C Model Setup 'VGA_SYNC:inst1|vert_sync_out'
Slack : -3.620
TNS   : -160.566

Type  : Fast 1200mV 0C Model Setup 'MOUSE:inst5|MOUSE_CLK_FILTER'
Slack : -0.785
TNS   : -24.759

Type  : Fast 1200mV 0C Model Setup 'clk'
Slack : 0.300
TNS   : 0.000

Type  : Fast 1200mV 0C Model Hold 'clk'
Slack : -0.167
TNS   : -0.167

Type  : Fast 1200mV 0C Model Hold 'clk_divider:inst4|clk_out_hz_temp'
Slack : -0.039
TNS   : -0.039

Type  : Fast 1200mV 0C Model Hold 'MOUSE:inst5|MOUSE_CLK_FILTER'
Slack : 0.182
TNS   : 0.000

Type  : Fast 1200mV 0C Model Hold 'VGA_SYNC:inst1|vert_sync_out'
Slack : 0.187
TNS   : 0.000

Type  : Fast 1200mV 0C Model Recovery 'MOUSE:inst5|MOUSE_CLK_FILTER'
Slack : -0.267
TNS   : -1.012

Type  : Fast 1200mV 0C Model Removal 'MOUSE:inst5|MOUSE_CLK_FILTER'
Slack : 0.507
TNS   : 0.000

Type  : Fast 1200mV 0C Model Minimum Pulse Width 'clk'
Slack : -3.000
TNS   : -4.000

Type  : Fast 1200mV 0C Model Minimum Pulse Width 'clk_divider:inst4|clk_out_hz_temp'
Slack : -1.000
TNS   : -76.000

Type  : Fast 1200mV 0C Model Minimum Pulse Width 'MOUSE:inst5|MOUSE_CLK_FILTER'
Slack : -1.000
TNS   : -61.000

Type  : Fast 1200mV 0C Model Minimum Pulse Width 'VGA_SYNC:inst1|vert_sync_out'
Slack : -1.000
TNS   : -51.000

------------------------------------------------------------
